Generate the report at 2026-08-02T12:22:07, GitVersion: aa25008b3778a76ae1975c839d4cc459f7f7b3b7.
+----------------------------------------------------+----------------+---------------+------------------+-------------+------+
| Net / Pin                                          | MaxCapacitance | Capacitance   | CapacitanceSlack | LibCellPort | Note |
+----------------------------------------------------+----------------+---------------+------------------+-------------+------+
| ram.mem_99_2_0__reg_p_D_MUX2_X1_Z_S_NOR4_X2_ZN_A4  |                |               |                  |             |      |
| reset_CLKBUF_X1_A_1_Z_BUF_X1_A:Z                   | 0.061r/0.061f  | 0.087r/0.084f | -0.026r/-0.023f  | BUF_X1/Z    | R    |
| ram.mem_140_2_0__reg_p_D_MUX2_X1_Z_S_NOR4_X2_ZN_A4 |                |               |                  |             |      |
| reset_CLKBUF_X1_A_1_Z_BUF_X1_A_1:Z                 | 0.061r/0.061f  | 0.087r/0.084f | -0.026r/-0.023f  | BUF_X1/Z    | R    |
| ram.mem_174_2_0__reg_p_D_MUX2_X1_Z_S_NOR4_X2_ZN_A4 |                |               |                  |             |      |
| reset_CLKBUF_X1_A_1_Z_BUF_X1_A_2:Z                 | 0.061r/0.061f  | 0.087r/0.084f | -0.026r/-0.023f  | BUF_X1/Z    | R    |
| ram.mem_201_2_0__reg_p_D_MUX2_X1_Z_S_NOR4_X2_ZN_A4 |                |               |                  |             |      |
| reset_CLKBUF_X1_A_1_Z_BUF_X1_A_3:Z                 | 0.061r/0.061f  | 0.087r/0.084f | -0.026r/-0.023f  | BUF_X1/Z    | R    |
| ram.mem_225_2_0__reg_p_D_MUX2_X1_Z_S_NOR4_X2_ZN_A4 |                |               |                  |             |      |
| reset_CLKBUF_X1_A_1_Z_BUF_X1_A_4:Z                 | 0.061r/0.061f  | 0.087r/0.084f | -0.026r/-0.023f  | BUF_X1/Z    | R    |
+----------------------------------------------------+----------------+---------------+------------------+-------------+------+
