Generate the report at 2026-08-02T12:22:08, GitVersion: aa25008b3778a76ae1975c839d4cc459f7f7b3b7.
Clock: core_clock
+----------------------------------+---------+-------+------+
| Clock Pin                        | Latency | Skew  |      |
+----------------------------------+---------+-------+------+
| rom.mem_9_9__reg_p:CK (DFF_X1)   | 0.000   |       | rp-+ |
| rom.mem_9_9__reg_p:CK (DFF_X1)   | 0.000   | 0.000 | rp-+ |
| rom.mem_9_7__reg_p:CK (DFF_X1)   | 0.000   |       | rp-+ |
| rom.mem_9_7__reg_p:CK (DFF_X1)   | 0.000   | 0.000 | rp-+ |
| rom.mem_93_26__reg_p:CK (DFF_X1) | 0.000   |       | rp-+ |
| rom.mem_93_26__reg_p:CK (DFF_X1) | 0.000   | 0.000 | rp-+ |
| rom.mem_92_3__reg_p:CK (DFF_X1)  | 0.000   |       | rp-+ |
| rom.mem_92_3__reg_p:CK (DFF_X1)  | 0.000   | 0.000 | rp-+ |
| rom.mem_91_5__reg_p:CK (DFF_X1)  | 0.000   |       | rp-+ |
| rom.mem_91_5__reg_p:CK (DFF_X1)  | 0.000   | 0.000 | rp-+ |
+----------------------------------+---------+-------+------+
+--------------------------------+--------+-------------+------------+------------+-------+--------+
| Point                          | Fanout | Capacitance | Resistance | Transition | Incr  | Path   |
+--------------------------------+--------+-------------+------------+------------+-------+--------+
| clock core_clock (rise edge)   |        |             |            | 0          | 0     |        |
| clock (port)                   |        | 16.808      | 0.000      | 0.000      | 0.000 | 0.000r |
| clock (net)                    | 17696  |             |            |            |       |        |
| rom.mem_9_9__reg_p:CK (DFF_X1) |        | 0.001       | 0.000      | 0.000      | 0.000 | 0.000r |
|                                |        |             |            |            |       |        |
| clock core_clock (rise edge)   |        |             |            | 2          | 2     |        |
| clock (port)                   |        | 16.808      | 0.000      | 0.000      | 0.000 | 0.000r |
| clock (net)                    | 17696  |             |            |            |       |        |
| rom.mem_9_9__reg_p:CK (DFF_X1) |        | 0.001       | 0.000      | 0.000      | 0.000 | 0.000r |
|                                |        |             |            |            |       |        |
| startpoint clock latency       |        |             |            |            | 0.000 |        |
| endpoint clock latency         |        |             |            |            | 0.000 |        |
| cppr                           |        |             |            |            | 0.000 |        |
| skew                           |        |             |            |            | 0.000 |        |
+--------------------------------+--------+-------------+------------+------------+-------+--------+
+--------------------------------+--------+-------------+------------+------------+-------+--------+
| Point                          | Fanout | Capacitance | Resistance | Transition | Incr  | Path   |
+--------------------------------+--------+-------------+------------+------------+-------+--------+
| clock core_clock (rise edge)   |        |             |            | 0          | 0     |        |
| clock (port)                   |        | 16.808      | 0.000      | 0.000      | 0.000 | 0.000r |
| clock (net)                    | 17696  |             |            |            |       |        |
| rom.mem_9_7__reg_p:CK (DFF_X1) |        | 0.001       | 0.000      | 0.000      | 0.000 | 0.000r |
|                                |        |             |            |            |       |        |
| clock core_clock (rise edge)   |        |             |            | 2          | 2     |        |
| clock (port)                   |        | 16.808      | 0.000      | 0.000      | 0.000 | 0.000r |
| clock (net)                    | 17696  |             |            |            |       |        |
| rom.mem_9_7__reg_p:CK (DFF_X1) |        | 0.001       | 0.000      | 0.000      | 0.000 | 0.000r |
|                                |        |             |            |            |       |        |
| startpoint clock latency       |        |             |            |            | 0.000 |        |
| endpoint clock latency         |        |             |            |            | 0.000 |        |
| cppr                           |        |             |            |            | 0.000 |        |
| skew                           |        |             |            |            | 0.000 |        |
+--------------------------------+--------+-------------+------------+------------+-------+--------+
+----------------------------------+--------+-------------+------------+------------+-------+--------+
| Point                            | Fanout | Capacitance | Resistance | Transition | Incr  | Path   |
+----------------------------------+--------+-------------+------------+------------+-------+--------+
| clock core_clock (rise edge)     |        |             |            | 0          | 0     |        |
| clock (port)                     |        | 16.808      | 0.000      | 0.000      | 0.000 | 0.000r |
| clock (net)                      | 17696  |             |            |            |       |        |
| rom.mem_93_26__reg_p:CK (DFF_X1) |        | 0.001       | 0.000      | 0.000      | 0.000 | 0.000r |
|                                  |        |             |            |            |       |        |
| clock core_clock (rise edge)     |        |             |            | 2          | 2     |        |
| clock (port)                     |        | 16.808      | 0.000      | 0.000      | 0.000 | 0.000r |
| clock (net)                      | 17696  |             |            |            |       |        |
| rom.mem_93_26__reg_p:CK (DFF_X1) |        | 0.001       | 0.000      | 0.000      | 0.000 | 0.000r |
|                                  |        |             |            |            |       |        |
| startpoint clock latency         |        |             |            |            | 0.000 |        |
| endpoint clock latency           |        |             |            |            | 0.000 |        |
| cppr                             |        |             |            |            | 0.000 |        |
| skew                             |        |             |            |            | 0.000 |        |
+----------------------------------+--------+-------------+------------+------------+-------+--------+
+---------------------------------+--------+-------------+------------+------------+-------+--------+
| Point                           | Fanout | Capacitance | Resistance | Transition | Incr  | Path   |
+---------------------------------+--------+-------------+------------+------------+-------+--------+
| clock core_clock (rise edge)    |        |             |            | 0          | 0     |        |
| clock (port)                    |        | 16.808      | 0.000      | 0.000      | 0.000 | 0.000r |
| clock (net)                     | 17696  |             |            |            |       |        |
| rom.mem_92_3__reg_p:CK (DFF_X1) |        | 0.001       | 0.000      | 0.000      | 0.000 | 0.000r |
|                                 |        |             |            |            |       |        |
| clock core_clock (rise edge)    |        |             |            | 2          | 2     |        |
| clock (port)                    |        | 16.808      | 0.000      | 0.000      | 0.000 | 0.000r |
| clock (net)                     | 17696  |             |            |            |       |        |
| rom.mem_92_3__reg_p:CK (DFF_X1) |        | 0.001       | 0.000      | 0.000      | 0.000 | 0.000r |
|                                 |        |             |            |            |       |        |
| startpoint clock latency        |        |             |            |            | 0.000 |        |
| endpoint clock latency          |        |             |            |            | 0.000 |        |
| cppr                            |        |             |            |            | 0.000 |        |
| skew                            |        |             |            |            | 0.000 |        |
+---------------------------------+--------+-------------+------------+------------+-------+--------+
+---------------------------------+--------+-------------+------------+------------+-------+--------+
| Point                           | Fanout | Capacitance | Resistance | Transition | Incr  | Path   |
+---------------------------------+--------+-------------+------------+------------+-------+--------+
| clock core_clock (rise edge)    |        |             |            | 0          | 0     |        |
| clock (port)                    |        | 16.808      | 0.000      | 0.000      | 0.000 | 0.000r |
| clock (net)                     | 17696  |             |            |            |       |        |
| rom.mem_91_5__reg_p:CK (DFF_X1) |        | 0.001       | 0.000      | 0.000      | 0.000 | 0.000r |
|                                 |        |             |            |            |       |        |
| clock core_clock (rise edge)    |        |             |            | 2          | 2     |        |
| clock (port)                    |        | 16.808      | 0.000      | 0.000      | 0.000 | 0.000r |
| clock (net)                     | 17696  |             |            |            |       |        |
| rom.mem_91_5__reg_p:CK (DFF_X1) |        | 0.001       | 0.000      | 0.000      | 0.000 | 0.000r |
|                                 |        |             |            |            |       |        |
| startpoint clock latency        |        |             |            |            | 0.000 |        |
| endpoint clock latency          |        |             |            |            | 0.000 |        |
| cppr                            |        |             |            |            | 0.000 |        |
| skew                            |        |             |            |            | 0.000 |        |
+---------------------------------+--------+-------------+------------+------------+-------+--------+
